Assembler report for nml_gpu
Sat May  9 17:19:33 2026
Quartus Prime Version 21.1.0 Build 842 10/21/2021 SJ Lite Edition


---------------------
; Table of Contents ;
---------------------
  1. Legal Notice
  2. Assembler Summary
  3. Assembler Settings
  4. Assembler Generated Files
  5. Assembler Device Options: nml_gpu.sof
  6. Assembler Device Options: nml_gpu.rbf
  7. Assembler Messages



----------------
; Legal Notice ;
----------------
Copyright (C) 2021  Intel Corporation. All rights reserved.
Your use of Intel Corporation's design tools, logic functions 
and other software and tools, and any partner logic 
functions, and any output files from any of the foregoing 
(including device programming or simulation files), and any 
associated documentation or information are expressly subject 
to the terms and conditions of the Intel Program License 
Subscription Agreement, the Intel Quartus Prime License Agreement,
the Intel FPGA IP License Agreement, or other applicable license
agreement, including, without limitation, that your use is for
the sole purpose of programming logic devices manufactured by
Intel and sold by Intel or its authorized distributors.  Please
refer to the applicable agreement for further details, at
https://fpgasoftware.intel.com/eula.



+---------------------------------------------------------------+
; Assembler Summary                                             ;
+-----------------------+---------------------------------------+
; Assembler Status      ; Successful - Sat May  9 17:19:33 2026 ;
; Revision Name         ; nml_gpu                               ;
; Top-level Entity Name ; de1soc_top                            ;
; Family                ; Cyclone V                             ;
; Device                ; 5CSEMA5F31C6                          ;
+-----------------------+---------------------------------------+


+----------------------------------+
; Assembler Settings               ;
+--------+---------+---------------+
; Option ; Setting ; Default Value ;
+--------+---------+---------------+


+--------------------------------------------------------------------------------------------------------+
; Assembler Generated Files                                                                              ;
+--------------------------------------------------------------------------------------------------------+
; File Name                                                                                              ;
+--------------------------------------------------------------------------------------------------------+
; /homes/user/stud/spring26/rb3908/Documents/CSEE4840W-Final-Project/hw/quartus/output_files/nml_gpu.sof ;
; /homes/user/stud/spring26/rb3908/Documents/CSEE4840W-Final-Project/hw/quartus/output_files/nml_gpu.rbf ;
+--------------------------------------------------------------------------------------------------------+


+---------------------------------------+
; Assembler Device Options: nml_gpu.sof ;
+----------------+----------------------+
; Option         ; Setting              ;
+----------------+----------------------+
; JTAG usercode  ; 0x00FEA611           ;
; Checksum       ; 0x00FEA611           ;
+----------------+----------------------+


+---------------------------------------+
; Assembler Device Options: nml_gpu.rbf ;
+---------------------+-----------------+
; Option              ; Setting         ;
+---------------------+-----------------+
; Raw Binary File     ;                 ;
;  Compression Ratio  ; 3               ;
+---------------------+-----------------+


+--------------------+
; Assembler Messages ;
+--------------------+
Info: *******************************************************************
Info: Running Quartus Prime Assembler
    Info: Version 21.1.0 Build 842 10/21/2021 SJ Lite Edition
    Info: Processing started: Sat May  9 17:19:21 2026
Info: Command: quartus_asm --read_settings_files=off --write_settings_files=off nml_gpu -c nml_gpu
Warning (18236): Number of processors has not been specified which may cause overloading on shared machines.  Set the global assignment NUM_PARALLEL_PROCESSORS in your QSF to an appropriate value for best performance.
Info (115030): Assembler is generating device programming files
Info: Quartus Prime Assembler was successful. 0 errors, 1 warning
    Info: Peak virtual memory: 778 megabytes
    Info: Processing ended: Sat May  9 17:19:33 2026
    Info: Elapsed time: 00:00:12
    Info: Total CPU time (on all processors): 00:00:04


